\BOOKMARK [2][]{Outline0.1}{HF}{}% 1
\BOOKMARK [2][]{Outline0.2}{Ockhamist axioms}{}% 2
\BOOKMARK [2][]{Outline0.3}{Irreflexivity}{}% 3
\BOOKMARK [2][]{Outline0.4}{Irr. can. submodel}{}% 4
\BOOKMARK [2][]{Outline0.5}{Logics}{}% 5
